// Vitest Snapshot v1, https://vitest.dev/guide/snapshot.html

exports[`tokenizer > works 1`] = `
{
  "tokens": [
    [
      "console",
      ".",
      "log",
      "(",
      "1",
      ")",
    ],
    [
      "function",
      " ",
      "x",
      "(",
      ")",
      " ",
      "{",
    ],
    [
      "  ",
      "return",
      " ",
      ""foo"",
    ],
    [
      "}",
    ],
  ],
  "types": [
    [
      "plain",
      "punctuation",
      "function",
      "punctuation",
      "number",
      "punctuation",
    ],
    [
      "keyword",
      "plain",
      "function",
      "punctuation",
      "punctuation",
      "plain",
      "punctuation",
    ],
    [
      "plain",
      "keyword",
      "plain",
      "string",
    ],
    [
      "punctuation",
    ],
  ],
}
`;
